2026-09-24T02:45:28.6043196Z stdout info: CPU Name: AMD Ryzen 7 5800X 8-Core Processor             
2026-09-24T02:45:28.6043196Z stdout info: CPU Speed: 3800MHz
2026-09-24T02:45:28.6043196Z stdout info: Physical Cores: 8, Logical Cores: 16
2026-09-24T02:45:28.6043196Z stdout info: Physical Memory: 32677MB Total, 25487MB Free
2026-09-24T02:45:28.6053252Z stdout info: Windows Version: 10.0 Build 26200 (release: 25H2; revision: 9457; 64-bit)
2026-09-24T02:45:28.6053252Z stdout info: Running as administrator: false
2026-09-24T02:45:28.6053252Z stdout info: Windows 10/11 Gaming Features:
2026-09-24T02:45:28.6053252Z stdout info: 	Game DVR: On
2026-09-24T02:45:28.6063257Z stdout info: 	Game Mode: Probably On (no reg key set)
2026-09-24T02:45:28.6063257Z stdout info: Sec. Software Status:
2026-09-24T02:45:28.6063257Z stdout info: 	Microsoft Defender Antivirus: enabled (AV)
2026-09-24T02:45:28.6068310Z stdout info: 	Windows Firewall: enabled (FW)
2026-09-24T02:45:28.6068310Z stdout debug: canvas 'Main' (6c69626f-6273-4c00-9d88-c5136d61696e) created
2026-09-24T02:45:28.6093425Z stdout info: ---------------------------------
2026-09-24T02:45:28.6093425Z stdout info: Initializing D3D11...
2026-09-24T02:45:28.6093425Z stdout info: Available Video Adapters: 
2026-09-24T02:45:28.6239003Z stdout info: 	Adapter 0: NVIDIA GeForce RTX 3090
2026-09-24T02:45:28.6239003Z stdout info: 	  Dedicated VRAM: 25506611200 (23.8 GiB)
2026-09-24T02:45:28.6239003Z stdout info: 	  Shared VRAM:    17132607488 (16.0 GiB)
2026-09-24T02:45:28.6249046Z stdout info: 	  PCI ID:         10de:2204
2026-09-24T02:45:28.6249046Z stdout info: 	  HAGS Status:    Enabled (Default: No, Driver status: Supported)
2026-09-24T02:45:28.6249046Z stdout info: 	  Driver Version: 32.0.15.9186
2026-09-24T02:45:28.6254108Z stdout info: 	  output 0:
2026-09-24T02:45:28.6254108Z stdout 	    name=EK1080T4KV2
2026-09-24T02:45:28.6254108Z stdout 	    pos={0, 0}
2026-09-24T02:45:28.6254108Z stdout 	    size={1280, 720}
2026-09-24T02:45:28.6254108Z stdout 	    attached=true
2026-09-24T02:45:28.6254108Z stdout 	    refresh=60
2026-09-24T02:45:28.6264182Z stdout 	    bits_per_color=8
2026-09-24T02:45:28.6264182Z stdout 	    space=RGB_FULL_G22_NONE_P709
2026-09-24T02:45:28.6264182Z stdout 	    primaries=[r=(0.653320, 0.332031), g=(0.323242, 0.625000), b=(0.156250, 0.074219), wp=(0.312500, 0.328125)]
2026-09-24T02:45:28.6269234Z stdout 	    relative_gamut_area=[709=1.029560, P3=0.758962, 2020=0.544504]
2026-09-24T02:45:28.6269234Z stdout 	    sdr_white_nits=80
2026-09-24T02:45:28.6269234Z stdout 	    nit_range=[min=0.500000, max=270.000000, max_full_frame=270.000000]
2026-09-24T02:45:28.6269234Z stdout 	    dpi=96 (100%)
2026-09-24T02:45:28.6269234Z stdout 	    id=\\?\DISPLAY#FUN7F53#5&df6df6e&0&UID28931#{e6f07b5f-ee97-4a90-b076-33f57bf4eaa7}
2026-09-24T02:45:28.6269234Z stdout 	    alt_id=\\.\DISPLAY1
2026-09-24T02:45:28.6269234Z stdout info: Loading up D3D11 on adapter NVIDIA GeForce RTX 3090 (0)
2026-09-24T02:45:28.7714598Z stdout info: D3D11 loaded successfully, feature level used: b000
2026-09-24T02:45:28.7724588Z stdout info: DXGI increase maximum frame latency success
2026-09-24T02:45:28.7724588Z stdout warning: Hardware-Accelerated GPU Scheduling enabled on adapter!
2026-09-24T02:45:28.8548148Z stdout info: ---------------------------------
2026-09-24T02:45:28.8548148Z stdout info: video settings reset:
2026-09-24T02:45:28.8558202Z stdout 	base resolution:   1280x720
2026-09-24T02:45:28.8558202Z stdout 	output resolution: 1280x720
2026-09-24T02:45:28.8558202Z stdout 	downscale filter:  Bicubic
2026-09-24T02:45:28.8563244Z stdout 	fps:               30/1
2026-09-24T02:45:28.8563244Z stdout 	format:            NV12
2026-09-24T02:45:28.8563244Z stdout 	YUV mode:          Rec. 709/Partial
2026-09-24T02:45:28.8563244Z stdout info: NV12 texture support enabled
2026-09-24T02:45:28.8563244Z stdout info: P010 texture support not available
2026-09-24T02:45:28.8563244Z stdout info: ---------------------------------
2026-09-24T02:45:28.8573349Z stdout info: audio settings reset:
2026-09-24T02:45:28.8573349Z stdout 	samples per sec: 48000
2026-09-24T02:45:28.8573349Z stdout 	speakers:        2
2026-09-24T02:45:28.8573349Z stdout 	max buffering:   960 milliseconds
2026-09-24T02:45:28.8573349Z stdout 	buffering type:  dynamically increasing
2026-09-24T02:45:28.8573349Z stdout warning: Skipping module 'C:\Users\lloyd\streammate-pivot-37\bundle\obs-plugins\64bit/chrome_elf.dll', not an OBS plugin
2026-09-24T02:45:28.8573349Z stdout warning: Skipping module 'C:\Users\lloyd\streammate-pivot-37\bundle\obs-plugins\64bit/libcef.dll', not an OBS plugin
2026-09-24T02:45:28.8588408Z stdout info: LoadLibrary failed for 'libobs-winrt': The specified module could not be found.
2026-09-24T02:45:28.8588408Z stdout 
2026-09-24T02:45:28.8588408Z stdout  (126)
2026-09-24T02:45:28.8598694Z stdout warning: Skipping module 'C:\Users\lloyd\streammate-pivot-37\bundle\obs-plugins\64bit/libEGL.dll', not an OBS plugin
2026-09-24T02:45:28.8598694Z stdout warning: Skipping module 'C:\Users\lloyd\streammate-pivot-37\bundle\obs-plugins\64bit/libGLESv2.dll', not an OBS plugin
2026-09-24T02:45:28.8598694Z stdout debug: ---------------------------------
2026-09-24T02:45:28.8734080Z stdout debug: Loading module: obs-browser.dll
2026-09-24T02:45:28.8739335Z stdout info: [obs-browser]: Version 2.26.8
2026-09-24T02:45:28.8739335Z stderr error: Tried to call obs_frontend_add_event_callback with no callbacks!
2026-09-24T02:45:28.8739335Z stdout info: [obs-browser]: CEF Version 127.0.6533.120 (runtime), 127.145.7+g2b7d20b+chromium-127.0.6533.120 (compiled)
2026-09-24T02:45:28.8739335Z stdout debug: ---------------------------------
2026-09-24T02:45:28.8739335Z stdout debug: Loading module: obs-outputs.dll
2026-09-24T02:45:28.8754478Z stdout debug: ---------------------------------
2026-09-24T02:45:28.8754478Z stdout debug: Loading module: obs-x264.dll
2026-09-24T02:45:28.8754478Z stdout warning: Skipping module 'C:\Users\lloyd\streammate-pivot-37\bundle\obs-plugins\64bit/Qt6Core.dll', not an OBS plugin
2026-09-24T02:45:28.8764546Z stdout warning: Skipping module 'C:\Users\lloyd\streammate-pivot-37\bundle\obs-plugins\64bit/Qt6Gui.dll', not an OBS plugin
2026-09-24T02:45:28.8764546Z stdout warning: Skipping module 'C:\Users\lloyd\streammate-pivot-37\bundle\obs-plugins\64bit/Qt6Widgets.dll', not an OBS plugin
2026-09-24T02:45:28.8764546Z stdout debug: ---------------------------------
2026-09-24T02:45:28.8779619Z stdout debug: Loading module: rtmp-services.dll
2026-09-24T02:45:28.8779619Z stdout debug: ---------------------------------
2026-09-24T02:45:28.8779619Z stdout debug: Loading module: streammate-native-overlay.dll
2026-09-24T02:45:28.8779619Z stdout debug: ---------------------------------
2026-09-24T02:45:28.8794667Z stdout debug: Loading module: win-capture.dll
2026-09-24T02:45:28.8794667Z stdout warning: [win-capture plugin] Could not create temp directory C:\Users\lloyd\AppData\Local\Temp\streammate-studio-host\obs-module-config-2000/win-capture/
2026-09-24T02:45:28.8804716Z stdout debug: ---------------------------------
2026-09-24T02:45:28.8804716Z stdout debug: Loading module: win-dshow.dll
2026-09-24T02:45:28.8829833Z stdout debug: ---------------------------------
2026-09-24T02:45:28.8829833Z stdout debug: Loading module: win-wasapi.dll
2026-09-24T02:45:28.8854969Z stdout debug: Unable to fetch obs-websocket proc handler object. obs-websocket not installed?
2026-09-24T02:45:28.8870019Z stdout {"level":"info","event":"host.ready","message":"studio-host ready"}
2026-09-24T02:45:28.8870019Z stdout {"event":"host.ready","port":63235,"heartbeatMs":5000}
2026-09-24T02:45:29.1862798Z request {"method":"proto.createInput","params":{"sourceId":"cam","kind":"dshow_input"},"id":1,"jsonrpc":"2.0"}
2026-09-24T02:45:29.1938083Z stdout debug: source 'cam' (dshow_input) created
2026-09-24T02:45:29.2103748Z response/event {"type":"host.started","sessionId":"local","payload":{"hostId":"studio-host-1","status":"ready","port":63235,"heartbeatMs":5000}}
2026-09-24T02:45:29.2138838Z response/event {"type":"host.ready","sessionId":"local","payload":{"hostId":"studio-host-1","status":"ready","port":63235,"heartbeatMs":5000}}
2026-09-24T02:45:32.5123686Z ERROR Exception calling "GetResult" with "0" argument(s): "An internal WebSocket error occurred. Please see the innerException, if present, for more details. "
2026-09-24T02:45:32.5214146Z Final host exit code: -1073741819
