2026-09-24T02:36:48.6334501Z stdout info: CPU Name: AMD Ryzen 7 5800X 8-Core Processor             
2026-09-24T02:36:48.6349580Z stdout info: CPU Speed: 3800MHz
2026-09-24T02:36:48.6354747Z stdout info: Physical Cores: 8, Logical Cores: 16
2026-09-24T02:36:48.6354747Z stdout info: Physical Memory: 32677MB Total, 25485MB Free
2026-09-24T02:36:48.6354747Z stdout info: Windows Version: 10.0 Build 26200 (release: 25H2; revision: 9457; 64-bit)
2026-09-24T02:36:48.6354747Z stdout info: Running as administrator: false
2026-09-24T02:36:48.6361166Z stdout info: Windows 10/11 Gaming Features:
2026-09-24T02:36:48.6366543Z stdout info: 	Game DVR: On
2026-09-24T02:36:48.6366543Z stdout info: 	Game Mode: Probably On (no reg key set)
2026-09-24T02:36:48.6366543Z stdout info: Sec. Software Status:
2026-09-24T02:36:48.6371707Z stdout info: 	Microsoft Defender Antivirus: enabled (AV)
2026-09-24T02:36:48.6371707Z stdout info: 	Windows Firewall: enabled (FW)
2026-09-24T02:36:48.6371707Z stdout debug: canvas 'Main' (6c69626f-6273-4c00-9d88-c5136d61696e) created
2026-09-24T02:36:48.6402881Z stdout info: ---------------------------------
2026-09-24T02:36:48.6408033Z stdout info: Initializing D3D11...
2026-09-24T02:36:48.6408033Z stdout info: Available Video Adapters: 
2026-09-24T02:36:48.6495411Z stdout info: 	Adapter 0: NVIDIA GeForce RTX 3090
2026-09-24T02:36:48.6495411Z stdout info: 	  Dedicated VRAM: 25506611200 (23.8 GiB)
2026-09-24T02:36:48.6500456Z stdout info: 	  Shared VRAM:    17132607488 (16.0 GiB)
2026-09-24T02:36:48.6500456Z stdout info: 	  PCI ID:         10de:2204
2026-09-24T02:36:48.6500456Z stdout info: 	  HAGS Status:    Enabled (Default: No, Driver status: Supported)
2026-09-24T02:36:48.6500456Z stdout info: 	  Driver Version: 32.0.15.9186
2026-09-24T02:36:48.6500456Z stdout info: 	  output 0:
2026-09-24T02:36:48.6500456Z stdout 	    name=EK1080T4KV2
2026-09-24T02:36:48.6500456Z stdout 	    pos={0, 0}
2026-09-24T02:36:48.6500456Z stdout 	    size={1280, 720}
2026-09-24T02:36:48.6500456Z stdout 	    attached=true
2026-09-24T02:36:48.6515531Z stdout 	    refresh=60
2026-09-24T02:36:48.6515531Z stdout 	    bits_per_color=8
2026-09-24T02:36:48.6515531Z stdout 	    space=RGB_FULL_G22_NONE_P709
2026-09-24T02:36:48.6515531Z stdout 	    primaries=[r=(0.653320, 0.332031), g=(0.323242, 0.625000), b=(0.156250, 0.074219), wp=(0.312500, 0.328125)]
2026-09-24T02:36:48.6515531Z stdout 	    relative_gamut_area=[709=1.029560, P3=0.758962, 2020=0.544504]
2026-09-24T02:36:48.6515531Z stdout 	    sdr_white_nits=80
2026-09-24T02:36:48.6525604Z stdout 	    nit_range=[min=0.500000, max=270.000000, max_full_frame=270.000000]
2026-09-24T02:36:48.6525604Z stdout 	    dpi=96 (100%)
2026-09-24T02:36:48.6525604Z stdout 	    id=\\?\DISPLAY#FUN7F53#5&df6df6e&0&UID28931#{e6f07b5f-ee97-4a90-b076-33f57bf4eaa7}
2026-09-24T02:36:48.6525604Z stdout 	    alt_id=\\.\DISPLAY1
2026-09-24T02:36:48.6525604Z stdout info: Loading up D3D11 on adapter NVIDIA GeForce RTX 3090 (0)
2026-09-24T02:36:48.7990773Z stdout info: D3D11 loaded successfully, feature level used: b000
2026-09-24T02:36:48.7990773Z stdout info: DXGI increase maximum frame latency success
2026-09-24T02:36:48.7990773Z stdout warning: Hardware-Accelerated GPU Scheduling enabled on adapter!
2026-09-24T02:36:49.4937255Z stdout info: ---------------------------------
2026-09-24T02:36:49.4937255Z stdout info: video settings reset:
2026-09-24T02:36:49.4937255Z stdout 	base resolution:   1280x720
2026-09-24T02:36:49.4937255Z stdout 	output resolution: 1280x720
2026-09-24T02:36:49.4937255Z stdout 	downscale filter:  Bicubic
2026-09-24T02:36:49.4937255Z stdout 	fps:               30/1
2026-09-24T02:36:49.4937255Z stdout 	format:            NV12
2026-09-24T02:36:49.4952301Z stdout 	YUV mode:          Rec. 709/Partial
2026-09-24T02:36:49.4952301Z stdout info: NV12 texture support enabled
2026-09-24T02:36:49.4952301Z stdout info: P010 texture support not available
2026-09-24T02:36:49.4952301Z stdout info: ---------------------------------
2026-09-24T02:36:49.4952301Z stdout info: audio settings reset:
2026-09-24T02:36:49.4952301Z stdout 	samples per sec: 48000
2026-09-24T02:36:49.4962367Z stdout 	speakers:        2
2026-09-24T02:36:49.4962367Z stdout 	max buffering:   960 milliseconds
2026-09-24T02:36:49.4962367Z stdout 	buffering type:  dynamically increasing
2026-09-24T02:36:49.4962367Z stdout warning: Skipping module 'C:\Users\lloyd\streammate-pivot-37\bundle\obs-plugins\64bit/chrome_elf.dll', not an OBS plugin
2026-09-24T02:36:49.4962367Z stdout warning: Skipping module 'C:\Users\lloyd\streammate-pivot-37\bundle\obs-plugins\64bit/libcef.dll', not an OBS plugin
2026-09-24T02:36:49.4962367Z stdout info: LoadLibrary failed for 'libobs-winrt': The specified module could not be found.
2026-09-24T02:36:49.4972360Z stdout 
2026-09-24T02:36:49.4972360Z stdout  (126)
2026-09-24T02:36:49.4977409Z stdout warning: Skipping module 'C:\Users\lloyd\streammate-pivot-37\bundle\obs-plugins\64bit/libEGL.dll', not an OBS plugin
2026-09-24T02:36:49.4977409Z stdout warning: Skipping module 'C:\Users\lloyd\streammate-pivot-37\bundle\obs-plugins\64bit/libGLESv2.dll', not an OBS plugin
2026-09-24T02:36:49.4977409Z stdout debug: ---------------------------------
2026-09-24T02:36:49.5067933Z stdout debug: Loading module: obs-browser.dll
2026-09-24T02:36:49.5067933Z stdout info: [obs-browser]: Version 2.26.8
2026-09-24T02:36:49.5077936Z stdout info: [obs-browser]: CEF Version 127.0.6533.120 (runtime), 127.145.7+g2b7d20b+chromium-127.0.6533.120 (compiled)
2026-09-24T02:36:49.5077936Z stdout debug: ---------------------------------
2026-09-24T02:36:49.5077936Z stderr error: Tried to call obs_frontend_add_event_callback with no callbacks!
2026-09-24T02:36:49.5082984Z stdout debug: Loading module: obs-outputs.dll
2026-09-24T02:36:49.5082984Z stdout debug: ---------------------------------
2026-09-24T02:36:49.5082984Z stdout debug: Loading module: obs-x264.dll
2026-09-24T02:36:49.5098032Z stdout warning: Skipping module 'C:\Users\lloyd\streammate-pivot-37\bundle\obs-plugins\64bit/Qt6Core.dll', not an OBS plugin
2026-09-24T02:36:49.5098032Z stdout warning: Skipping module 'C:\Users\lloyd\streammate-pivot-37\bundle\obs-plugins\64bit/Qt6Gui.dll', not an OBS plugin
2026-09-24T02:36:49.5098032Z stdout warning: Skipping module 'C:\Users\lloyd\streammate-pivot-37\bundle\obs-plugins\64bit/Qt6Widgets.dll', not an OBS plugin
2026-09-24T02:36:49.5098032Z stdout debug: ---------------------------------
2026-09-24T02:36:49.5108087Z stdout debug: Loading module: rtmp-services.dll
2026-09-24T02:36:49.5123129Z stdout debug: ---------------------------------
2026-09-24T02:36:49.5123129Z stdout debug: Loading module: streammate-native-overlay.dll
2026-09-24T02:36:49.5123129Z stdout debug: ---------------------------------
2026-09-24T02:36:49.5133202Z stdout debug: Loading module: win-capture.dll
2026-09-24T02:36:49.5133202Z stdout warning: [win-capture plugin] Could not create temp directory C:\Users\lloyd\AppData\Local\Temp\streammate-studio-host\obs-module-config-7648/win-capture/
2026-09-24T02:36:49.5143177Z stdout debug: ---------------------------------
2026-09-24T02:36:49.5148232Z stdout debug: Loading module: win-dshow.dll
2026-09-24T02:36:49.5183326Z stdout debug: ---------------------------------
2026-09-24T02:36:49.5188374Z stdout debug: Loading module: win-wasapi.dll
2026-09-24T02:36:49.5213476Z stdout debug: Unable to fetch obs-websocket proc handler object. obs-websocket not installed?
2026-09-24T02:36:49.5213476Z stdout {"level":"info","event":"host.ready","message":"studio-host ready"}
2026-09-24T02:36:49.5223530Z stdout {"event":"host.ready","port":51706,"heartbeatMs":5000}
2026-09-24T02:36:49.7289586Z request {"method":"proto.createInput","params":{"sourceId":"cam","kind":"dshow_input"},"id":1,"jsonrpc":"2.0"}
2026-09-24T02:36:49.7390030Z stdout debug: source 'cam' (dshow_input) created
2026-09-24T02:36:49.7445357Z stdout warning: cam: DecodeDeviceId failed
2026-09-24T02:36:49.7445357Z stdout warning: cam: Video configuration failed
2026-09-24T02:36:49.7550843Z response/event {"type":"host.started","sessionId":"local","payload":{"hostId":"studio-host-1","status":"ready","port":51706,"heartbeatMs":5000}}
2026-09-24T02:36:49.7590999Z response/event {"type":"host.ready","sessionId":"local","payload":{"hostId":"studio-host-1","status":"ready","port":51706,"heartbeatMs":5000}}
2026-09-24T02:36:49.7646335Z response/event {"jsonrpc":"2.0","id":1,"result":{"sourceId":"cam","kind":"dshow_input","width":0,"height":0,"active":false,"settings":{},"properties":[{"name":"video_device_id","type":"list","description":"Device","longDescription":"","visible":true,"enabled":true,"listType":"list","format":"string","items":[]},{"name":"activate","type":"button","description":"Deactivate","longDescription":"","visible":true,"enabled":true},{"name":"video_config","type":"button","description":"Configure Video","longDescription":"","visible":true,"enabled":true},{"name":"xbar_config","type":"button","description":"Configure Crossbar","longDescription":"","visible":true,"enabled":true},{"name":"deactivate_when_not_showing","type":"bool","description":"Deactivate when not showing","longDescription":"","visible":true,"enabled":true},{"name":"res_type","type":"list","description":"Resolution/FPS Type","longDescription":"","visible":true,"enabled":true,"listType":"list","format":"int","items":[{"name":"Device Default","value":0,"disabled":false},{"name":"Custom","value":1,"disabled":false}]},{"name":"resolution","type":"list","description":"Resolution","longDescription":"","visible":true,"enabled":false,"listType":"editable","format":"string","items":[]},{"name":"frame_interval","type":"list","description":"FPS","longDescription":"","visible":true,"enabled":false,"listType":"list","format":"int","items":[{"name":"Match Output FPS","value":-1,"disabled":true}]},{"name":"video_format","type":"list","description":"Video Format","longDescription":"","visible":true,"enabled":false,"listType":"list","format":"int","items":[{"name":"Any","value":0,"disabled":true}]},{"name":"color_space","type":"list","description":"Color Space","longDescription":"","visible":true,"enabled":true,"listType":"list","format":"string","items":[{"name":"Default","value":"default","disabled":false},{"name":"Rec. 709","value":"709","disabled":false},{"name":"Rec. 601","value":"601","disabled":false},{"name":"Rec. 2100 (PQ)","value":"2100PQ","disabled":false},{"name":"Rec. 2100 (HLG)","value":"2100HLG","disabled":false}]},{"name":"color_range","type":"list","description":"Color Range","longDescription":"","visible":true,"enabled":true,"listType":"list","format":"string","items":[{"name":"Default","value":"default","disabled":false},{"name":"Limited","value":"partial","disabled":false},{"name":"Full","value":"full","disabled":false}]},{"name":"buffering","type":"list","description":"Buffering","longDescription":"When enabled, buffers video/audio data to ensure the smoothest and most\naccurate playback possible, but at the cost of increased latency. When using\nbuffering with a video capture card, it's recommended to set the card and the\nprogram to the same framerate for best results.\n\nWhen disabled, ensures lowest latency playback, but at the cost of frame\nplayback accuracy. This is ideal for face cameras, or when you want to use the\nprogram's preview window to play a console.\n\nAuto-detect (default) sets it to enabled if the device has delay, and disabled\nif it has no delay.","visible":true,"enabled":true,"listType":"list","format":"int","items":[{"name":"Auto-Detect","value":0,"disabled":false},{"name":"Enable","value":1,"disabled":false},{"name":"Disable","value":2,"disabled":false}]},{"name":"flip_vertically","type":"bool","description":"Flip Vertically","longDescription":"","visible":true,"enabled":true},{"name":"autorotation","type":"bool","description":"Apply rotation data from camera (if any)","longDescription":"","visible":true,"enabled":true},{"name":"hw_decode","type":"bool","description":"Use hardware decoding when available","longDescription":"","visible":true,"enabled":true},{"name":"audio_output_mode","type":"list","description":"Audio Output Mode","longDescription":"","visible":true,"enabled":true,"listType":"list","format":"int","items":[{"name":"Capture audio only","value":0,"disabled":false},{"name":"Output desktop audio (DirectSound)","value":1,"disabled":false},{"name":"Output desktop audio (WaveOut)","value":2,"disabled":false}]}]}}
2026-09-24T02:36:49.8329567Z command props
2026-09-24T02:36:49.8379776Z request {"method":"proto.props","params":{"sourceId":"cam"},"id":2,"jsonrpc":"2.0"}
2026-09-24T02:36:49.8394875Z response/event {"jsonrpc":"2.0","id":2,"result":{"sourceId":"cam","kind":"dshow_input","width":0,"height":0,"active":false,"settings":{},"properties":[{"name":"video_device_id","type":"list","description":"Device","longDescription":"","visible":true,"enabled":true,"listType":"list","format":"string","items":[]},{"name":"activate","type":"button","description":"Deactivate","longDescription":"","visible":true,"enabled":true},{"name":"video_config","type":"button","description":"Configure Video","longDescription":"","visible":true,"enabled":true},{"name":"xbar_config","type":"button","description":"Configure Crossbar","longDescription":"","visible":true,"enabled":true},{"name":"deactivate_when_not_showing","type":"bool","description":"Deactivate when not showing","longDescription":"","visible":true,"enabled":true},{"name":"res_type","type":"list","description":"Resolution/FPS Type","longDescription":"","visible":true,"enabled":true,"listType":"list","format":"int","items":[{"name":"Device Default","value":0,"disabled":false},{"name":"Custom","value":1,"disabled":false}]},{"name":"resolution","type":"list","description":"Resolution","longDescription":"","visible":true,"enabled":false,"listType":"editable","format":"string","items":[]},{"name":"frame_interval","type":"list","description":"FPS","longDescription":"","visible":true,"enabled":false,"listType":"list","format":"int","items":[{"name":"Match Output FPS","value":-1,"disabled":true}]},{"name":"video_format","type":"list","description":"Video Format","longDescription":"","visible":true,"enabled":false,"listType":"list","format":"int","items":[{"name":"Any","value":0,"disabled":true}]},{"name":"color_space","type":"list","description":"Color Space","longDescription":"","visible":true,"enabled":true,"listType":"list","format":"string","items":[{"name":"Default","value":"default","disabled":false},{"name":"Rec. 709","value":"709","disabled":false},{"name":"Rec. 601","value":"601","disabled":false},{"name":"Rec. 2100 (PQ)","value":"2100PQ","disabled":false},{"name":"Rec. 2100 (HLG)","value":"2100HLG","disabled":false}]},{"name":"color_range","type":"list","description":"Color Range","longDescription":"","visible":true,"enabled":true,"listType":"list","format":"string","items":[{"name":"Default","value":"default","disabled":false},{"name":"Limited","value":"partial","disabled":false},{"name":"Full","value":"full","disabled":false}]},{"name":"buffering","type":"list","description":"Buffering","longDescription":"When enabled, buffers video/audio data to ensure the smoothest and most\naccurate playback possible, but at the cost of increased latency. When using\nbuffering with a video capture card, it's recommended to set the card and the\nprogram to the same framerate for best results.\n\nWhen disabled, ensures lowest latency playback, but at the cost of frame\nplayback accuracy. This is ideal for face cameras, or when you want to use the\nprogram's preview window to play a console.\n\nAuto-detect (default) sets it to enabled if the device has delay, and disabled\nif it has no delay.","visible":true,"enabled":true,"listType":"list","format":"int","items":[{"name":"Auto-Detect","value":0,"disabled":false},{"name":"Enable","value":1,"disabled":false},{"name":"Disable","value":2,"disabled":false}]},{"name":"flip_vertically","type":"bool","description":"Flip Vertically","longDescription":"","visible":true,"enabled":true},{"name":"autorotation","type":"bool","description":"Apply rotation data from camera (if any)","longDescription":"","visible":true,"enabled":true},{"name":"hw_decode","type":"bool","description":"Use hardware decoding when available","longDescription":"","visible":true,"enabled":true},{"name":"audio_output_mode","type":"list","description":"Audio Output Mode","longDescription":"","visible":true,"enabled":true,"listType":"list","format":"int","items":[{"name":"Capture audio only","value":0,"disabled":false},{"name":"Output desktop audio (DirectSound)","value":1,"disabled":false},{"name":"Output desktop audio (WaveOut)","value":2,"disabled":false}]}]}}
2026-09-24T02:36:49.8450132Z command press video_config
2026-09-24T02:36:49.8475234Z request {"method":"proto.press","params":{"sourceId":"cam","property":"video_config"},"id":3,"jsonrpc":"2.0"}
2026-09-24T02:36:49.8490355Z stdout warning: DShow: Could not find filter to open dialog type: 0 with
2026-09-24T02:36:49.8490355Z response/event {"jsonrpc":"2.0","id":3,"result":{"sourceId":"cam","property":"video_config","clicked":true,"callbackReturned":false,"hostThreadId":3052,"mainThreadId":3052}}
2026-09-24T02:36:49.8596029Z command health
2026-09-24T02:36:49.8606110Z request {"method":"host.health","params":{},"id":4,"jsonrpc":"2.0"}
2026-09-24T02:36:49.8621153Z response/event {"jsonrpc":"2.0","id":4,"result":{"status":"ready","engineStarted":true,"heartbeatMs":5000,"nativeOverlaySourceCount":0}}
2026-09-24T02:36:49.8631219Z command press xbar_config
2026-09-24T02:36:49.8646303Z request {"method":"proto.press","params":{"sourceId":"cam","property":"xbar_config"},"id":5,"jsonrpc":"2.0"}
2026-09-24T02:36:49.8656382Z stdout warning: DShow: Failed to find crossbar (0x80004003): Invalid pointer
2026-09-24T02:36:49.8656382Z stdout 
2026-09-24T02:36:49.8656382Z stdout 
2026-09-24T02:36:49.8666389Z response/event {"jsonrpc":"2.0","id":5,"result":{"sourceId":"cam","property":"xbar_config","clicked":true,"callbackReturned":false,"hostThreadId":3052,"mainThreadId":3052}}
2026-09-24T02:36:49.8696649Z command health
2026-09-24T02:36:49.8696649Z request {"method":"host.health","params":{},"id":6,"jsonrpc":"2.0"}
2026-09-24T02:36:49.8711698Z response/event {"jsonrpc":"2.0","id":6,"result":{"status":"ready","engineStarted":true,"heartbeatMs":5000,"nativeOverlaySourceCount":0}}
2026-09-24T02:36:49.8721750Z command quit
2026-09-24T02:36:49.8731810Z request {"method":"host.shutdown","params":{},"id":7,"jsonrpc":"2.0"}
2026-09-24T02:36:49.8736901Z stdout {"level":"info","event":"host.exited","message":"studio-host stopped"}
2026-09-24T02:36:49.8746966Z response/event {"jsonrpc":"2.0","id":7,"result":{"ok":true}}
2026-09-24T02:36:49.8762123Z stdout debug: source 'cam' destroyed
2026-09-24T02:36:51.6878041Z stdout info: Freeing OBS context data
2026-09-24T02:36:51.6878041Z stdout debug: canvas 'Main' (6c69626f-6273-4c00-9d88-c5136d61696e) destroyed
2026-09-24T02:36:51.7204295Z Host exit code: 0
2026-09-24T02:36:51.7229385Z Final host exit code: 0
